# Tests for 7-base_geometry

1. Import test
>>> BaseGeometry = __import__('7-base_geometry').BaseGeometry
>>>

2. Calculate area
>>> bg = BaseGeometry()
>>> bg.area()
Traceback (most recent call last):
    ...
Exception: area() is not implemented

3. Pass a non integer argument
>>> bg.integer_validator("name", "5")
Traceback (most recent call last):
    ...
TypeError: name must be an integer

4. Pass a negative argument
>>> bg.integer_validator("name", -5)
Traceback (most recent call last):
    ...
ValueError: name must be greater than 0

5. Pass a zero
>>> bg.integer_validator("name", -5)
Traceback (most recent call last):
    ...
ValueError: name must be greater than 0